// Jest Snapshot v1, https://goo.gl/fbAQLP

exports[`Pruebas en DeleteEvent Debe mostrar el componente correctamente 1`] = `
<button
  className="btn btn-danger fab-danger"
  onClick={[Function]}
>
  <i
    className="fa fa-trash"
  />
</button>
`;
